../Core/Src/main.c:89:5:main	8	static
../Core/Src/main.c:174:6:SystemClock_Config	88	static
../Core/Src/main.c:221:13:MX_USART2_UART_Init	8	static
../Core/Src/main.c:254:13:MX_GPIO_Init	48	static
../Core/Src/main.c:313:6:EXTI15_10_IRQHandler	8	static
../Core/Src/main.c:323:6:StartCrossing	16	static
../Core/Src/main.c:345:6:StartLight1	16	static
../Core/Src/main.c:386:6:StartLight2	16	static
../Core/Src/main.c:428:6:HAL_TIM_PeriodElapsedCallback	16	static
../Core/Src/main.c:445:6:Error_Handler	4	static,ignoring_inline_asm
